java.lang.NullPointerException
	at com.application.framecujdbc.dao.impl.DepartamentDaoImpl.findAll(DepartamentDaoImpl.java:53)
	at com.application.framecujdbc.gui.models.DepartamentComboBoxModel.<init>(DepartamentComboBoxModel.java:31)
	at com.application.framecujdbc.gui.AngajatiPanel.clearForm(AngajatiPanel.java:200)
	at com.application.framecujdbc.gui.MyFrame$8.stateChanged(MyFrame.java:306)
	at javax.swing.JTabbedPane.fireStateChanged(JTabbedPane.java:416)
	at javax.swing.JTabbedPane$ModelListener.stateChanged(JTabbedPane.java:270)
	at javax.swing.DefaultSingleSelectionModel.fireStateChanged(DefaultSingleSelectionModel.java:132)
	at javax.swing.DefaultSingleSelectionModel.setSelectedIndex(DefaultSingleSelectionModel.java:67)
	at javax.swing.JTabbedPane.setSelectedIndexImpl(JTabbedPane.java:616)
	at javax.swing.JTabbedPane.setSelectedIndex(JTabbedPane.java:591)
	at javax.swing.plaf.basic.BasicTabbedPaneUI$Handler.mousePressed(BasicTabbedPaneUI.java:3647)
	at java.awt.Component.processMouseEvent(Component.java:6530)
	at javax.swing.JComponent.processMouseEvent(JComponent.java:3324)
	at java.awt.Component.processEvent(Component.java:6298)
	at java.awt.Container.processEvent(Container.java:2238)
	at java.awt.Component.dispatchEventImpl(Component.java:4889)
	at java.awt.Container.dispatchEventImpl(Container.java:2296)
	at java.awt.Component.dispatchEvent(Component.java:4711)
	at java.awt.LightweightDispatcher.retargetMouseEvent(Container.java:4897)
	at java.awt.LightweightDispatcher.processMouseEvent(Container.java:4531)
	at java.awt.LightweightDispatcher.dispatchEvent(Container.java:4475)
	at java.awt.Container.dispatchEventImpl(Container.java:2282)
	at java.awt.Window.dispatchEventImpl(Window.java:2746)
	at java.awt.Component.dispatchEvent(Component.java:4711)
	at java.awt.EventQueue.dispatchEventImpl(EventQueue.java:760)
	at java.awt.EventQueue.access$500(EventQueue.java:97)
	at java.awt.EventQueue$3.run(EventQueue.java:709)
	at java.awt.EventQueue$3.run(EventQueue.java:703)
	at java.security.AccessController.doPrivileged(Native Method)
	at java.security.ProtectionDomain$JavaSecurityAccessImpl.doIntersectionPrivilege(ProtectionDomain.java:80)
	at java.security.ProtectionDomain$JavaSecurityAccessImpl.doIntersectionPrivilege(ProtectionDomain.java:90)
	at java.awt.EventQueue$4.run(EventQueue.java:733)
	at java.awt.EventQueue$4.run(EventQueue.java:731)
	at java.security.AccessController.doPrivileged(Native Method)
	at java.security.ProtectionDomain$JavaSecurityAccessImpl.doIntersectionPrivilege(ProtectionDomain.java:80)
	at java.awt.EventQueue.dispatchEvent(EventQueue.java:730)
	at java.awt.EventDispatchThread.pumpOneEventForFilters(EventDispatchThread.java:205)
	at java.awt.EventDispatchThread.pumpEventsForFilter(EventDispatchThread.java:116)
	at java.awt.EventDispatchThread.pumpEventsForHierarchy(EventDispatchThread.java:105)
	at java.awt.EventDispatchThread.pumpEvents(EventDispatchThread.java:101)
	at java.awt.EventDispatchThread.pumpEvents(EventDispatchThread.java:93)
	at java.awt.EventDispatchThread.run(EventDispatchThread.java:82)
